[debug] [2026-05-16T12:59:35.973Z] ----------------------------------------------------------------------
[debug] [2026-05-16T12:59:35.976Z] Command:       C:\Program Files\nodejs\node.exe C:\Users\MOPHE\AppData\Roaming\npm\node_modules\firebase-tools\lib\bin\firebase.js init
[debug] [2026-05-16T12:59:35.976Z] CLI Version:   15.18.0
[debug] [2026-05-16T12:59:35.976Z] Platform:      win32
[debug] [2026-05-16T12:59:35.976Z] Node Version:  v25.9.0
[debug] [2026-05-16T12:59:35.976Z] Time:          Sat May 16 2026 15:59:35 GMT+0300 (Türkiye Standard Time)
[debug] [2026-05-16T12:59:35.977Z] ----------------------------------------------------------------------
[debug] 
[info] 
     ######## #### ########  ######## ########     ###     ######  ########
     ##        ##  ##     ## ##       ##     ##  ##   ##  ##       ##
     ######    ##  ########  ######   ########  #########  ######  ######
     ##        ##  ##    ##  ##       ##     ## ##     ##       ## ##
     ##       #### ##     ## ######## ########  ##     ##  ######  ########

You're about to initialize a Firebase project in this directory:

  C:\Users\MOPHE\PycharmProjects\bcthack

Before we get started, keep in mind:

  * You are initializing within an existing Firebase project directory

[info] 
=== Project Setup
[info] 
[info] First, let's associate this project directory with a Firebase project.
[info] You can create multiple project aliases by running firebase use --add, 
[info] 
[debug] [2026-05-16T13:01:31.699Z] > command requires scopes: ["email","openid","https://www.googleapis.com/auth/cloudplatformprojects.readonly","https://www.googleapis.com/auth/firebase","https://www.googleapis.com/auth/cloud-platform"]
[debug] [2026-05-16T13:01:31.699Z] > authorizing via signed-in user (vancus.aitech@gmail.com)
[debug] [2026-05-16T13:01:31.701Z] Checked if tokens are valid: false, expires at: 1778924984935
[debug] [2026-05-16T13:01:31.701Z] Checked if tokens are valid: false, expires at: 1778924984935
[debug] [2026-05-16T13:01:31.701Z] > refreshing access token with scopes: []
[debug] [2026-05-16T13:01:31.703Z] >>> [apiv2][query] POST https://www.googleapis.com/oauth2/v3/token [none]
[debug] [2026-05-16T13:01:31.703Z] >>> [apiv2][body] POST https://www.googleapis.com/oauth2/v3/token [omitted]
[debug] [2026-05-16T13:01:31.946Z] <<< [apiv2][status] POST https://www.googleapis.com/oauth2/v3/token 200
[debug] [2026-05-16T13:01:31.947Z] <<< [apiv2][body] POST https://www.googleapis.com/oauth2/v3/token [omitted]
[debug] [2026-05-16T13:01:31.962Z] >>> [apiv2][query] GET https://firebase.googleapis.com/v1beta1/projects/bcthack [none]
[debug] [2026-05-16T13:01:32.939Z] <<< [apiv2][status] GET https://firebase.googleapis.com/v1beta1/projects/bcthack 403
[debug] [2026-05-16T13:01:32.939Z] <<< [apiv2][body] GET https://firebase.googleapis.com/v1beta1/projects/bcthack {"error":{"code":403,"message":"The caller does not have permission","status":"PERMISSION_DENIED"}}
[debug] [2026-05-16T13:01:32.942Z] Request to https://firebase.googleapis.com/v1beta1/projects/bcthack had HTTP Error: 403, The caller does not have permission
[debug] [2026-05-16T13:01:33.089Z] FirebaseError: Request to https://firebase.googleapis.com/v1beta1/projects/bcthack had HTTP Error: 403, The caller does not have permission
    at responseToError (C:\Users\MOPHE\AppData\Roaming\npm\node_modules\firebase-tools\lib\responseToError.js:53:12)
    at RetryOperation._fn (C:\Users\MOPHE\AppData\Roaming\npm\node_modules\firebase-tools\lib\apiv2.js:333:77)
    at process.processTicksAndRejections (node:internal/process/task_queues:104:5)
[error] 
[error] Error: Failed to get Firebase project bcthack. Please make sure the project exists and your account has permission to access it.
